m[0m
[0;32mI (36) boot: chï¿½ets Jul 29 2019 12:21:46

rst:0x1 (POWERON_RESET),boot:0x17 (SPI_FAST_FLASH_BOOT)
configsip: 0, SPIWP:0xee
clk_drv:0x00,q_drv:0x00,d_drv:0x00,cs0_drv:0x00,hd_drv:0x00,wp_drv:0x00
mode:DIO, clock div:2
load:0x3fff0030,len:7172
load:0x40078000,len:15540
load:0x40080400,len:4
ho 8 tail 4 room 4
load:0x40080404,len:3904
entry 0x40080640
[0;32mI (31) boot: ESP-IDF v5.2.2-dirty 2nd stage bootloader[0m
[0;32mI (31) boot: compile time Aug 20 2024 10:50:10[0m
[0;32mI (31) boot: Multicore bootloader[0m
[0;32mI (36) boot: chip revision: v3.1[0m
[0;32mI (40) boot.esp32: SPI Speed      : 40MHz[0m
[0;32mI (44) boot.esp32: SPI Mode       : DIO[0m
[0;32mI (49) boot.esp32: SPI Flash Size : 4MB[0m
[0;32mI (53) boot: Enabling RNG early entropy source...[0m
[0;32mI (59) boot: Partition Table:[0m
[0;32mI (62) boot: ## Label            Usage          Type ST Offset   Length[0m
[0;32mI (70) boot:  0 nvs              WiFi data        01 02 00009000 00006000[0m
[0;32mI (77) boot:  1 phy_init         RF data          01 01 0000f000 00001000[0m
[0;32mI (85) boot:  2 factory          factory app      00 00 00010000 00100000[0m
[0;32mI (92) boot: End of partition table[0m
[0;32mI (96) esp_image: segment 0: paddr=00010020 vaddr=3f400020 size=237bch (145340) map[0m
[0;32mI (155) esp_image: segment 1: paddr=000337e4 vaddr=3ffb0000 size=03c04h ( 15364) load[0m
[0;32mI (160) esp_image: segment 2: paddr=000373f0 vaddr=40080000 size=08c28h ( 35880) load[0m
[0;32mI (175) esp_image: segment 3: paddr=00040020 vaddr=400d0020 size=82730h (534320) map[0m
[0;32mI (358) esp_image: segment 4: paddr=000c2758 vaddr=40088c28 size=0edcch ( 60876) load[0m
[0;32mI (394) boot: Loaded app from partition at offset 0x10000[0m
[0;32mI (394) boot: Disabling RNG early entropy source...[0m
[0;32mI (406) cpu_start: Multicore app[0m
[0;32mI (414) cpu_start: Pro cpu start user code[0m
[0;32mI (414) cpu_start: cpu freq: 160000000 Hz[0m
[0;32mI (414) cpu_start: Application information:[0m
[0;32mI (417) cpu_start: Project name:     wifi_station[0m
[0;32mI (423) cpu_start: App version:      1[0m
[0;32mI (427) cpu_start: Compile time:     Aug 20 2024 10:50:02[0m
[0;32mI (433) cpu_start: ELF file SHA256:  32c2beb34...[0m
[0;32mI (439) cpu_start: ESP-IDF:          v5.2.2-dirty[0m
[0;32mI (444) cpu_start: Min chip rev:     v0.0[0m
[0;32mI (449) cpu_start: Max chip rev:     v3.99 [0m
[0;32mI (454) cpu_start: Chip rev:         v3.1[0m
[0;32mI (459) heap_init: Initializing. RAM available for dynamic allocation:[0m
[0;32mI (466) heap_init: At 3FFAE6E0 len 00001920 (6 KiB): DRAM[0m
[0;32mI (472) heap_init: At 3FFB7CE8 len 00028318 (160 KiB): DRAM[0m
[0;32mI (478) heap_init: At 3FFE0440 len 00003AE0 (14 KiB): D/IRAM[0m
[0;32mI (484) heap_init: At 3FFE4350 len 0001BCB0 (111 KiB): D/IRAM[0m
[0;32mI (491) heap_init: At 400979F4 len 0000860C (33 KiB): IRAM[0m
[0;32mI (498) spi_flash: detected chip: generic[0m
[0;32mI (501) spi_flash: flash io: dio[0m
[0;33mW (506) rmt(legacy): legacy driver is deprecated, please migrate to `driver/rmt_tx.h` and/or `driver/rmt_rx.h`[0m
[0;32mI (517) main_task: Started on CPU0[0m
[0;32mI (527) main_task: Calling app_main()[0m
[0;32mI (557) gpio: GPIO[2]| InputEn: 0| OutputEn: 1| OpenDrain: 0| Pullup: 0| Pulldown: 0| Intr:0 [0m
[0;32mI (1567) wifi station: ESP_WIFI_MODE_STA[0m
I (1577) wifi:wifi driver task: 3ffbfe78, prio:23, stack:6656, core=0
I (1587) wifi:wifi firmware version: 3e0076f
I (1597) wifi:wifi certification version: v7.0
I (1597) wifi:config NVS flash: enabled
I (1597) wifi:config nano formating: disabled
I (1597) wifi:Init data frame dynamic rx buffer num: 32
I (1607) wifi:Init static rx mgmt buffer num: 5
I (1607) wifi:Init management short buffer num: 32
I (1607) wifi:Init dynamic tx buffer num: 32
I (1617) wifi:Init static rx buffer size: 1600
I (1617) wifi:Init static rx buffer num: 10
I (1627) wifi:Init dynamic rx buffer num: 32
[0;32mI (1627) wifi_init: rx ba win: 6[0m
[0;32mI (1627) wifi_init: tcpip mbox: 32[0m
[0;32mI (1637) wifi_init: udp mbox: 6[0m
[0;32mI (1637) wifi_init: tcp mbox: 6[0m
[0;32mI (1647) wifi_init: tcp tx win: 5760[0m
[0;32mI (1647) wifi_init: tcp rx win: 5760[0m
[0;32mI (1647) wifi_init: tcp mss: 1440[0m
[0;32mI (1657) wifi_init: WiFi IRAM OP enabled[0m
[0;32mI (1657) wifi_init: WiFi RX IRAM OP enabled[0m
[0;32mI (1667) phy_init: phy_version 4791,2c4672b,Dec 20 2023,16:06:06[0m
I (1757) wifi:mode : sta (10:06:1c:41:94:54)
I (1757) wifi:enable tsf
[0;32mI (1767) wifi station: wifi_init_sta finished.[0m
I (1777) wifi:new:<6,0>, old:<1,0>, ap:<255,255>, sta:<6,0>, prof:1
I (1777) wifi:state: init -> auth (b0)
I (1797) wifi:state: auth -> assoc (0)
I (1827) wifi:state: assoc -> run (10)
I (1867) wifi:connected with Anh Vu 2.4G, aid = 3, channel 6, BW20, bssid = 00:c8:96:ab:b8:e1
I (1867) wifi:security: WPA2-PSK, phy: bgn, rssi: -60
I (1877) wifi:pm start, type: 1

I (1877) wifi:dp: 1, bi: 102400, li: 3, scale listen interval from 307200 us to 307200 us
I (1887) wifi:AP's beacon interval = 102400 us, DTIM period = 1
I (1897) wifi:<ba-add>idx:0 (ifx:0, 00:c8:96:ab:b8:e1), tid:7, ssn:0, winSize:64
[0;32mI (2887) esp_netif_handlers: sta ip: 192.168.100.221, mask: 255.255.255.0, gw: 192.168.100.1[0m
[0;32mI (2887) wifi station: got ip:192.168.100.221[0m
[0;32mI (2887) wifi station: connected to ap SSID:Anh Vu 2.4G password:anhvu2003[0m
[0;32mI (2897) app_http_server: Starting server on port: '80'[0m
[0;32mI (2907) app_http_server: Registering URI handlers[0m
[0;32mI (2907) main_task: Returned from app_main()[0m
I (3317) wifi:<ba-add>idx:1 (ifx:0, 00:c8:96:ab:b8:e1), tid:0, ssn:0, winSize:64
Data: 0
Data: 1
Data: 1
Data: 0
[0;32mI (50007) app_http_server: Found URL query parameter => color=9CBCFF[0m
[0;32mI (53897) app_http_server: Found URL query parameter => color=FF2171[0m
[0;32mI (61727) app_http_server: Found URL query parameter => color=3BFF7E[0m
[0;32mI (65267) app_http_server: Found URL query parameter => color=FFFA38[0m
[0;32mI (171327) app_http_server: Found URL query parameter => color=810FFF[0m
[0;32mI (175037) app_http_server: Found URL query parameter => color=110221[0m
[0;32mI (179037) app_http_server: Found URL query parameter => color=000000[0m
[0;32mI (182927) app_http_server: Found URL query parameter => color=830FFF[0m
[0;32mI (186607) app_http_server: Found URL query parameter => color=F778FF[0m
[0;32mI (189787) app_http_server: Found URL query parameter => color=73FF99[0m
[0;32mI (192037) app_http_server: Found URL query parameter => color=FFD3AB[0m
ï¿½m
[0;32mI (36) boot: chip revision: v3.1[0m
[0;32mI (40) boot.esp32: SPI Speed      : 40MHz[0m
[0;32mI (44) boot.esp32: SPI Mode       : DIO[0m
[0;32mI (49) boot.esp32: SPI Flash Size : 4MB[0m
[0;32mI (53) boot: Enabling RNG early entropy source...[0m
[0;32mI (59) boot: Partition Table:[0m
[0;32mI (62) boot: ## Label            Usage          Type ST Offset   Length[0m
[0;32mI (70) boot:  0 nvs              WiFi data        01 02 00009000 00006000[0m
[0;32mI (77) boot:  1 phy_init         RF data          01 01 0000f000 00001000[0m
[0;32mI (85) boot:  2 factory          factory app      00 00 00010000 00100000[0m
[0;32mI (92) boot: End of partition table[0m
[0;32mI (96) esp_image: segment 0: paddr=00010020 vaddr=3f400020 size=237bch (145340) map[0m
[0;32mI (155) esp_image: segment 1: paddr=000337e4 vaddr=3ffb0000 size=03c04h ( 15364) load[0m
[0;32mI (160) esp_image: segment 2: paddr=000373f0 vaddr=40080000 size=08c28h ( 35880) load[0m
[0;32mI (175) esp_image: segment 3: paddr=00040020 vaddr=400d0020 size=82730h (534320) map[0m
[0;32mI (358) esp_image: segment 4: paddr=000c2758 vaddr=40088c28 size=0edcch ( 60876) load[0m
[0;32mI (394) boot: Loaded app from partition at offset 0x10000[0m
[0;32mI (394) boot: Disabling RNG early entropy source...[0m
[0;32mI (406) cpu_start: Multicore app[0m
[0;32mI (414) cpu_start: Pro cpu start user code[0m
[0;32mI (414) cpu_start: cpu freq: 160000000 Hz[0m
[0;32mI (414) cpu_start: Application information:[0m
[0;32mI (417) cpu_start: Project name:     wifi_station[0m
[0;32mI (423) cpu_start: App version:      1[0m
[0;32mI (427) cpu_start: Compile time:     Aug 20 2024 10:50:02[0m
[0;32mI (433) cpu_start: ELF file SHA256:  32c2beb34...[0m
[0;32mI (439) cpu_start: ESP-IDF:          v5.2.2-dirty[0m
[0;32mI (444) cpu_start: Min chip rev:     v0.0[0m
[0;32mI (449) cpu_start: Max chip rev:     v3.99 [0m
[0;32mI (454) cpu_start: Chip rev:         v3.1[0m
[0;32mI (459) heap_init: Initializing. RAM available for dynamic allocation:[0m
[0;32mI (466) heap_init: At 3FFAE6E0 len 00001920 (6 KiB): DRAM[0m
[0;32mI (472) heap_init: At 3FFB7CE8 len 00028318 (160 KiB): DRAM[0m
[0;32mI (478) heap_init: At 3FFE0440 len 00003AE0 (14 KiB): D/IRAM[0m
[0;32mI (484) heap_init: At 3FFE4350 len 0001BCB0 (111 KiB): D/IRAM[0m
[0;32mI (491) heap_init: At 400979F4 len 0000860C (33 KiB): IRAM[0m
[0;32mI (498) spi_flash: detected chip: generic[0m
[0;32mI (501) spi_flash: flash io: dio[0m
[0;33mW (506) rmt(legacy): legacy driver is deprecated, please migrate to `driver/rmt_tx.h` and/or `driver/rmt_rx.h`[0m
[0;32mI (517) main_task: Started on CPU0[0m
[0;32mI (527) main_task: Calling app_main()[0m
[0;32mI (557) gpio: GPIO[2]| InputEn: 0| OutputEn: 1| OpenDrain: 0| Pullup: 0| Pulldown: 0| Intr:0 [0m
[0;32mI (1567) wifi station: ESP_WIFI_MODE_STA[0m
I (1577) wifi:wifi driver task: 3ffbfe78, prio:23, stack:6656, core=0
I (1587) wifi:wifi firmware version: 3e0076f
I (1597) wifi:wifi certification version: v7.0
I (1597) wifi:config NVS flash: enabled
I (1597) wifi:config nano formating: disabled
I (1597) wifi:Init data frame dynamic rx buffer num: 32
I (1607) wifi:Init static rx mgmt buffer num: 5
I (1607) wifi:Init management short buffer num: 32
I (1607) wifi:Init dynamic tx buffer num: 32
I (1617) wifi:Init static rx buffer size: 1600
I (1617) wifi:Init static rx buffer num: 10
I (1627) wifi:Init dynamic rx buffer num: 32
[0;32mI (1627) wifi_init: rx ba win: 6[0m
[0;32mI (1627) wifi_init: tcpip mbox: 32[0m
[0;32mI (1637) wifi_init: udp mbox: 6[0m
[0;32mI (1637) wifi_init: tcp mbox: 6[0m
[0;32mI (1647) wifi_init: tcp tx win: 5760[0m
[0;32mI (1647) wifi_init: tcp rx win: 5760[0m
[0;32mI (1647) wifi_init: tcp mss: 1440[0m
[0;32mI (1657) wifi_init: WiFi IRAM OP enabled[0m
[0;32mI (1657) wifi_init: WiFi RX IRAM OP enabled[0m
[0;32mI (1667) phy_init: phy_version 4791,2c4672b,Dec 20 2023,16:06:06[0m
I (1757) wifi:mode : sta (10:06:1c:41:94:54)
I (1757) wifi:enable tsf
[0;32mI (1757) wifi station: wifi_init_sta finished.[0m
I (1777) wifi:new:<6,0>, old:<1,0>, ap:<255,255>, sta:<6,0>, prof:1
I (1777) wifi:state: init -> auth (b0)
I (1787) wifi:state: auth -> init (8a0)
I (1787) wifi:new:<6,0>, old:<6,0>, ap:<255,255>, sta:<6,0>, prof:1
[0;32mI (1797) wifi station: retry to connect to the AP[0m
[0;32mI (1797) wifi station: connect to the AP fail[0m
[0;32mI (4207) wifi station: retry to connect to the AP[0m
[0;32mI (4207) wifi station: connect to the AP fail[0m
I (4217) wifi:new:<6,0>, old:<6,0>, ap:<255,255>, sta:<6,0>, prof:1
I (4217) wifi:state: init -> auth (b0)
I (4227) wifi:state: auth -> assoc (0)
I (4257) wifi:state: assoc -> run (10)
I (4317) wifi:connected with Anh Vu 2.4G, aid = 3, channel 6, BW20, bssid = 00:c8:96:ab:b8:e1
I (4317) wifi:security: WPA2-PSK, phy: bgn, rssi: -52
I (4327) wifi:pm start, type: 1

I (4327) wifi:dp: 1, bi: 102400, li: 3, scale listen interval from 307200 us to 307200 us
I (4327) wifi:AP's beacon interval = 102400 us, DTIM period = 1
I (4347) wifi:<ba-add>idx:0 (ifx:0, 00:c8:96:ab:b8:e1), tid:7, ssn:0, winSize:64
I (4837) wifi:<ba-add>idx:1 (ifx:0, 00:c8:96:ab:b8:e1), tid:0, ssn:1, winSize:64
[0;32mI (5337) esp_netif_handlers: sta ip: 192.168.100.221, mask: 255.255.255.0, gw: 192.168.100.1[0m
[0;32mI (5337) wifi station: got ip:192.168.100.221[0m
[0;32mI (5337) wifi station: connected to ap SSID:Anh Vu 2.4G password:anhvu2003[0m
[0;32mI (5347) app_http_server: Starting server on port: '80'[0m
[0;32mI (5357) app_http_server: Registering URI handlers[0m
[0;32mI (5357) main_task: Returned from app_main()[0m
[0;32mI (21937) app_http_server: Found URL query parameter => color=B97AFF[0m
Data: 0
Data: 1
Data: 1
Data: 0
Data: 0
Data: 1
42
41
40
43
51
52
53
54
56
58
59
[0;32mI (31777) app_http_server: Found URL query parameter => color=52FF6A[0m
[0;32mI (46927) app_http_server: Found URL query parameter => color=E142FF[0m
[0;32mI (63927) app_http_server: Found URL query parameter => color=938AFF[0m
Vï¿½m[0m
[0;32mI (36) boot: chip revision: v3.1[0m
[0;32mI (40) boot.esp32: SPI Speed      : 40MHz[0m
[0;32mI (44) boot.esp32: SPI Mode       : DIO[0m
[0;32mI (49) boot.esp32: SPI Flash Size : 4MB[0m
[0;32mI (53) boot: Enabling RNG early entropy source...[0m
[0;32mI (59) boot: Partition Table:[0m
[0;32mI (62) boot: ## Label            Usage          Type ST Offset   Length[0m
[0;32mI (70) boot:  0 nvs              WiFi data        01 02 00009000 00006000[0m
[0;32mI (77) boot:  1 phy_init         RF data          01 01 0000f000 00001000[0m
[0;32mI (85) boot:  2 factory          factory app      00 00 00010000 00100000[0m
[0;32mI (92) boot: End of partition table[0m
[0;32mI (96) esp_image: segment 0: paddr=00010020 vaddr=3f400020 size=237bch (145340) map[0m
[0;32mI (155) esp_image: segment 1: paddr=000337e4 vaddr=3ffb0000 size=03c04h ( 15364) load[0m
[0;32mI (160) esp_image: segment 2: paddr=000373f0 vaddr=40080000 size=08c28h ( 35880) load[0m
[0;32mI (175) esp_image: segment 3: paddr=00040020 vaddr=400d0020 size=82730h (534320) map[0m
[0;32mI (358) esp_image: segment 4: paddr=000c2758 vaddr=40088c28 size=0edcch ( 60876) load[0m
[0;32mI (394) boot: Loaded app from partition at offset 0x10000[0m
[0;32mI (394) boot: Disabling RNG early entropy source...[0m
[0;32mI (406) cpu_start: Multicore app[0m
[0;32mI (414) cpu_start: Pro cpu start user code[0m
[0;32mI (414) cpu_start: cpu freq: 160000000 Hz[0m
[0;32mI (414) cpu_start: Application information:[0m
[0;32mI (417) cpu_start: Project name:     wifi_station[0m
[0;32mI (423) cpu_start: App version:      1[0m
[0;32mI (427) cpu_start: Compile time:     Aug 20 2024 10:50:02[0m
[0;32mI (433) cpu_start: ELF file SHA256:  32c2beb34...[0m
[0;32mI (439) cpu_start: ESP-IDF:          v5.2.2-dirty[0m
[0;32mI (444) cpu_start: Min chip rev:     v0.0[0m
[0;32mI (449) cpu_start: Max chip rev:     v3.99 [0m
[0;32mI (454) cpu_start: Chip rev:         v3.1[0m
[0;32mI (459) heap_init: Initializing. RAM available for dynamic allocation:[0m
[0;32mI (466) heap_init: At 3FFAE6E0 len 00001920 (6 KiB): DRAM[0m
[0;32mI (472) heap_init: At 3FFB7CE8 len 00028318 (160 KiB): DRAM[0m
[0;32mI (478) heap_init: At 3FFE0440 len 00003AE0 (14 KiB): D/IRAM[0m
[0;32mI (484) heap_init: At 3FFE4350 len 0001BCB0 (111 KiB): D/IRAM[0m
[0;32mI (491) heap_init: At 400979F4 len 0000860C (33 KiB): IRAM[0m
[0;32mI (498) spi_flash: detected chip: generic[0m
[0;32mI (501) spi_flash: flash io: dio[0m
[0;33mW (506) rmt(legacy): legacy driver is deprecated, please migrate to `driver/rmt_tx.h` and/or `driver/rmt_rx.h`[0m
[0;32mI (517) main_task: Started on CPU0[0m
[0;32mI (527) main_task: Calling app_main()[0m
[0;32mI (557) gpio: GPIO[2]| InputEn: 0| OutputEn: 1| OpenDrain: 0| Pullup: 0| Pulldown: 0| Intr:0 [0m
[0;32mI (1567) wifi station: ESP_WIFI_MODE_STA[0m
I (1577) wifi:wifi driver task: 3ffbfe78, prio:23, stack:6656, core=0
I (1587) wifi:wifi firmware version: 3e0076f
I (1597) wifi:wifi certification version: v7.0
I (1597) wifi:config NVS flash: enabled
I (1597) wifi:config nano formating: disabled
I (1597) wifi:Init data frame dynamic rx buffer num: 32
I (1607) wifi:Init static rx mgmt buffer num: 5
I (1607) wifi:Init management short buffer num: 32
I (1607) wifi:Init dynamic tx buffer num: 32
I (1617) wifi:Init static rx buffer size: 1600
I (1617) wifi:Init static rx buffer num: 10
I (1627) wifi:Init dynamic rx buffer num: 32
[0;32mI (1627) wifi_init: rx ba win: 6[0m
[0;32mI (1627) wifi_init: tcpip mbox: 32[0m
[0;32mI (1637) wifi_init: udp mbox: 6[0m
[0;32mI (1637) wifi_init: tcp mbox: 6[0m
[0;32mI (1647) wifi_init: tcp tx win: 5760[0m
[0;32mI (1647) wifi_init: tcp rx win: 5760[0m
[0;32mI (1647) wifi_init: tcp mss: 1440[0m
[0;32mI (1657) wifi_init: WiFi IRAM OP enabled[0m
[0;32mI (1657) wifi_init: WiFi RX IRAM OP enabled[0m
[0;32mI (1667) phy_init: phy_version 4791,2c4672b,Dec 20 2023,16:06:06[0m
I (1757) wifi:mode : sta (10:06:1c:41:94:54)
I (1757) wifi:enable tsf
[0;32mI (1767) wifi station: wifi_init_sta finished.[0m
I (1777) wifi:new:<6,0>, old:<1,0>, ap:<255,255>, sta:<6,0>, prof:1
I (1777) wifi:state: init -> auth (b0)
I (1787) wifi:state: auth -> init (8a0)
I (1787) wifi:new:<6,0>, old:<6,0>, ap:<255,255>, sta:<6,0>, prof:1
[0;32mI (1787) wifi station: retry to connect to the AP[0m
[0;32mI (1787) wifi station: connect to the AP fail[0m
[0;32mI (4207) wifi station: retry to connect to the AP[0m
[0;32mI (4207) wifi station: connect to the AP fail[0m
I (4217) wifi:new:<6,0>, old:<6,0>, ap:<255,255>, sta:<6,0>, prof:1
I (4217) wifi:state: init -> auth (b0)
I (4227) wifi:state: auth -> assoc (0)
I (4247) wifi:state: assoc -> run (10)
I (4277) wifi:connected with Anh Vu 2.4G, aid = 3, channel 6, BW20, bssid = 00:c8:96:ab:b8:e1
I (4287) wifi:security: WPA2-PSK, phy: bgn, rssi: -52
I (4287) wifi:pm start, type: 1

I (4287) wifi:dp: 1, bi: 102400, li: 3, scale listen interval from 307200 us to 307200 us
I (4297) wifi:AP's beacon interval = 102400 us, DTIM period = 1
I (4307) wifi:<ba-add>idx:0 (ifx:0, 00:c8:96:ab:b8:e1), tid:7, ssn:0, winSize:64
[0;32mI (5307) esp_netif_handlers: sta ip: 192.168.100.221, mask: 255.255.255.0, gw: 192.168.100.1[0m
[0;32mI (5307) wifi station: got ip:192.168.100.221[0m
[0;32mI (5307) wifi station: connected to ap SSID:Anh Vu 2.4G password:anhvu2003[0m
[0;32mI (5317) app_http_server: Starting server on port: '80'[0m
[0;32mI (5327) app_http_server: Registering URI handlers[0m
[0;32mI (5327) main_task: Returned from app_main()[0m
I (6037) wifi:<ba-add>idx:1 (ifx:0, 00:c8:96:ab:b8:e1), tid:0, ssn:0, winSize:64
Data: 0
Data: 1
Data: 0
Data: 1
Data: 0
Data: 0
[0;33mW (187117) httpd_txrx: httpd_sock_err: error in recv : 104[0m
Data: 1
Data: 1
Data: 0
Data: 1
Data: 1
Data: 0
Data: 0
Data: 1
Data: 1
Data: 0
[0;32mI (2313497) app_http_server: Found URL query parameter => color=D499FF[0m
[0;32mI (2317647) app_http_server: Found URL query parameter => color=214CFF[0m
[0;32mI (2319957) app_http_server: Found URL query parameter => color=F2FF87[0m
[0;32mI (2333667) app_http_server: Found URL query parameter => color=FF3E00[0m
[0;32mI (2417847) app_http_server: Found URL query parameter => color=FF0000[0m
[0;32mI (2425057) app_http_server: Found URL query parameter => color=000000[0m
[0;32mI (2428397) app_http_server: Found URL query parameter => color=E4FF80[0m
[0;32mI (2433057) app_http_server: Found URL query parameter => color=173CFF[0m
[0;32mI (2440577) app_http_server: Found URL query parameter => color=FF510F[0m
[0;32mI (5840557) app_http_server: Found URL query parameter => color=99FFBF[0m
[0;32mI (5842487) app_http_server: Found URL query parameter => color=FFB8D1[0m
[0;32mI (5848157) app_http_server: Found URL query parameter => color=43214C[0m
[0;32mI (5855227) app_http_server: Found URL query parameter => color=4C2634[0m
[0;33mW (5861837) httpd_txrx: httpd_sock_err: error in recv : 104[0m
[0;32mI (6022707) app_http_server: Found URL query parameter => color=C92CC3[0m
[0;32mI (6070107) app_http_server: Found URL query parameter => color=000000[0m
[0;32mI (6073697) app_http_server: Found URL query parameter => color=F485FF[0m
[0;32mI (6076257) app_http_server: Found URL query parameter => color=E7FF24[0m
Data: 1
Data: 1
Data: 0
Data: 0
Data: 1
Data: 1
Data: 0
Data: 0
Data: 1
Data: 1
Data: 0
[0;32mI (6119787) app_http_server: Found URL query parameter => color=261725[0m
Data: 0
Data: 1
Data: 0
[0;32mI (9460247) app_http_server: Found URL query parameter => color=0D1226[0m
[0;32mI (9462917) app_http_server: Found URL query parameter => color=260202[0m
[0;32mI (9467127) app_http_server: Found URL query parameter => color=261E1D[0m
[0;32mI (9473017) app_http_server: Found URL query parameter => color=260D1E[0m
